// Jest Snapshot v1, https://goo.gl/fbAQLP

exports[`<Background> snapshot 1`] = `
<div>
  <span
    aria-hidden="true"
    class="bubble"
    style="width: 220px; height: 220px; top: 71px; left: 256px;"
  >
    bubble
  </span>
</div>
`;
