// Jest Snapshot v1, https://goo.gl/fbAQLP

exports[`<Background> snapshot 1`] = `
<div>
  <div
    class="background-container"
  >
    <div>
      child text
    </div>
  </div>
  <div
    class="background-gradient"
  />
</div>
`;
