// Jest Snapshot v1, https://goo.gl/fbAQLP

exports[`<Message> snapshot 1`] = `
<div>
  <div
    class="message-container"
  >
    Watch live
    <br />
    CBS Sports
    <button
      class="start-button"
    >
      Get Started
    </button>
  </div>
</div>
`;
