// Jest Snapshot v1, https://goo.gl/fbAQLP

exports[`<Counter> snapshot 1`] = `
<div>
  <div>
    child text
  </div>
</div>
`;
